WARNING: KICAD10_SYMBOL_DIR environment variable is missing, so the default KiCad symbol libraries won't be searched. @ [\\wsl.localhost\Ubuntu-26.04\home\sb\laptop\LOONAR\pcb\rbphat\<frozen importlib._bootstrap_external>:999=>\\wsl.localhost\Ubuntu-26.04\home\sb\laptop\LOONAR\pcb\rbphat\<frozen importlib._bootstrap>:488]
WARNING: KICAD_SYMBOL_DIR environment variable is missing, so the default KiCad symbol libraries won't be searched. @ [\\wsl.localhost\Ubuntu-26.04\home\sb\laptop\LOONAR\pcb\rbphat\<frozen importlib._bootstrap_external>:999=>\\wsl.localhost\Ubuntu-26.04\home\sb\laptop\LOONAR\pcb\rbphat\<frozen importlib._bootstrap>:488]
WARNING: KICAD6_SYMBOL_DIR environment variable is missing, so the default KiCad symbol libraries won't be searched. @ [\\wsl.localhost\Ubuntu-26.04\home\sb\laptop\LOONAR\pcb\rbphat\<frozen importlib._bootstrap_external>:999=>\\wsl.localhost\Ubuntu-26.04\home\sb\laptop\LOONAR\pcb\rbphat\<frozen importlib._bootstrap>:488]
WARNING: KICAD7_SYMBOL_DIR environment variable is missing, so the default KiCad symbol libraries won't be searched. @ [\\wsl.localhost\Ubuntu-26.04\home\sb\laptop\LOONAR\pcb\rbphat\<frozen importlib._bootstrap_external>:999=>\\wsl.localhost\Ubuntu-26.04\home\sb\laptop\LOONAR\pcb\rbphat\<frozen importlib._bootstrap>:488]
WARNING: KICAD8_SYMBOL_DIR environment variable is missing, so the default KiCad symbol libraries won't be searched. @ [\\wsl.localhost\Ubuntu-26.04\home\sb\laptop\LOONAR\pcb\rbphat\<frozen importlib._bootstrap_external>:999=>\\wsl.localhost\Ubuntu-26.04\home\sb\laptop\LOONAR\pcb\rbphat\<frozen importlib._bootstrap>:488]
WARNING: fp-lib-table file was not found. Component footprints are not available.
WARNING: fp-lib-table file was not found. Component footprints are not available.
WARNING: fp-lib-table file was not found. Component footprints are not available.
WARNING: fp-lib-table file was not found. Component footprints are not available.
WARNING: fp-lib-table file was not found. Component footprints are not available.
INFO:   [auto_stub] power: +3V3_PI(17), GND(35) @ [\\wsl.localhost\Ubuntu-26.04\home\sb\laptop\LOONAR\pcb\rbphat\rbphat_circuit.py:347=>\\wsl.localhost\Ubuntu-26.04\home\sb\laptop\LOONAR\pcb\rbphat\rbphat_circuit.py:323]
INFO:   [auto_stub] deferred fanout>=1: BUF2_TX(2), CTRL_TX_N(3), BUF2_RX(2), PAYLOAD_RX_P(5), BAT_P(3), __NOCONNECT(33), UART4_TX(3), I2C_SCL(2), BAT_MID(2), PAYLOAD_RX_N(5)... @ [\\wsl.localhost\Ubuntu-26.04\home\sb\laptop\LOONAR\pcb\rbphat\rbphat_circuit.py:347=>\\wsl.localhost\Ubuntu-26.04\home\sb\laptop\LOONAR\pcb\rbphat\rbphat_circuit.py:323]
INFO:   [auto_stub_large_groups] Group of 25 parts, 8 chain nets, splitting... @ [\\wsl.localhost\Ubuntu-26.04\home\sb\laptop\LOONAR\pcb\rbphat\rbphat_circuit.py:347=>\\wsl.localhost\Ubuntu-26.04\home\sb\laptop\LOONAR\pcb\rbphat\rbphat_circuit.py:323]
INFO:   [auto_stub_large_groups] Stubbed 3 nets @ [\\wsl.localhost\Ubuntu-26.04\home\sb\laptop\LOONAR\pcb\rbphat\rbphat_circuit.py:347=>\\wsl.localhost\Ubuntu-26.04\home\sb\laptop\LOONAR\pcb\rbphat\rbphat_circuit.py:323]
INFO:   [auto_stub_large_groups] Group of 25 parts, 8 chain nets, splitting... @ [\\wsl.localhost\Ubuntu-26.04\home\sb\laptop\LOONAR\pcb\rbphat\rbphat_circuit.py:347=>\\wsl.localhost\Ubuntu-26.04\home\sb\laptop\LOONAR\pcb\rbphat\rbphat_circuit.py:323]
INFO:   [auto_stub_large_groups] Stubbed 3 nets @ [\\wsl.localhost\Ubuntu-26.04\home\sb\laptop\LOONAR\pcb\rbphat\rbphat_circuit.py:347=>\\wsl.localhost\Ubuntu-26.04\home\sb\laptop\LOONAR\pcb\rbphat\rbphat_circuit.py:323]
INFO:   [deferred_stub] pi_header1: 6 deferred nets stubbed @ [\\wsl.localhost\Ubuntu-26.04\home\sb\laptop\LOONAR\pcb\rbphat\rbphat_circuit.py:347=>\\wsl.localhost\Ubuntu-26.04\home\sb\laptop\LOONAR\pcb\rbphat\rbphat_circuit.py:323]
INFO:   [deferred_stub] rs422_channel1: 11 deferred nets stubbed @ [\\wsl.localhost\Ubuntu-26.04\home\sb\laptop\LOONAR\pcb\rbphat\rbphat_circuit.py:347=>\\wsl.localhost\Ubuntu-26.04\home\sb\laptop\LOONAR\pcb\rbphat\rbphat_circuit.py:323]
INFO:   [deferred_stub] rs422_channel2: 11 deferred nets stubbed @ [\\wsl.localhost\Ubuntu-26.04\home\sb\laptop\LOONAR\pcb\rbphat\rbphat_circuit.py:347=>\\wsl.localhost\Ubuntu-26.04\home\sb\laptop\LOONAR\pcb\rbphat\rbphat_circuit.py:323]
INFO:   [deferred_stub] battery_sense1: 7 deferred nets stubbed @ [\\wsl.localhost\Ubuntu-26.04\home\sb\laptop\LOONAR\pcb\rbphat\rbphat_circuit.py:347=>\\wsl.localhost\Ubuntu-26.04\home\sb\laptop\LOONAR\pcb\rbphat\rbphat_circuit.py:323]
INFO: Schematic written to \\wsl.localhost\Ubuntu-26.04\home\sb\laptop\LOONAR\pcb\rbphat\rbphat.kicad_sch @ [\\wsl.localhost\Ubuntu-26.04\home\sb\laptop\LOONAR\pcb\rbphat\rbphat_circuit.py:347=>\\wsl.localhost\Ubuntu-26.04\home\sb\laptop\LOONAR\pcb\rbphat\rbphat_circuit.py:323]
INFO: 5 warnings found while generating schematic.
INFO: 0 errors found while generating schematic.

