2026-09-05 20:50:15.230 INFO   Freerouting v2.4.1 (build-date: 2026-09-03)
2026-09-05 20:50:16.833 INFO   [F4A0ED\94085E] Loading board file 'finish.dsn'...
2026-09-05 20:50:17.206 INFO   Layer 'In1.Cu' has been automatically configured as a dedicated power plane because it contains a large conduction area covering >50% of the board.
2026-09-05 20:50:17.206 INFO   Layer 'In2.Cu' has been automatically configured as a dedicated power plane because it contains a large conduction area covering >50% of the board.
2026-09-05 20:50:17.207 WARN   DSN file 'finish.dsn' was loaded with 6 warning(s).
2026-09-05 20:50:17.253 INFO   [F4A0ED\94085E] Job 'F4A0ED\94085E' started at 2026-09-05T11:50:17.253091315Z.
2026-09-05 20:50:17.515 INFO   [F4A0ED\94085E] Auto-routing stage started on board 'ca04d797143b48948970479adf0b0c9c' for 12 unrouted items.
2026-09-05 20:50:22.220 INFO   [F4A0ED\94085E] Auto-routing pass #1 on board 'ca04d797143b48948970479adf0b0c9c' was completed in 3.70 seconds with score 890.79 (9 unrouted and 44 violations), using 3.83 CPU seconds and the job allocated 9.26 GB of memory so far.
2026-09-05 20:50:26.126 INFO   [F4A0ED\94085E] Auto-routing pass #2 on board 'd9d8cc0288872f681e6b4f2d1ba479a6' was completed in 3.17 seconds with score 896.93 (8 unrouted and 44 violations), using 7.76 CPU seconds and the job allocated 21.06 GB of memory so far.
2026-09-05 20:50:29.654 INFO   [F4A0ED\94085E] Auto-routing pass #3 on board 'fcf007c6c9aa179679ff9c95930a69b5' was completed in 2.75 seconds with score 896.93 (8 unrouted and 44 violations), using 11.67 CPU seconds and the job allocated 33.87 GB of memory so far.
2026-09-05 20:50:32.788 INFO   [F4A0ED\94085E] Auto-routing pass #4 on board 'fcf007c6c9aa179679ff9c95930a69b5' was completed in 2.72 seconds with score 896.93 (8 unrouted and 44 violations), using 14.53 CPU seconds and the job allocated 43.62 GB of memory so far.
2026-09-05 20:50:35.981 INFO   [F4A0ED\94085E] Auto-routing pass #5 on board 'fcf007c6c9aa179679ff9c95930a69b5' was completed in 2.81 seconds with score 896.93 (8 unrouted and 44 violations), using 17.40 CPU seconds and the job allocated 52.99 GB of memory so far.
2026-09-05 20:50:38.814 INFO   [F4A0ED\94085E] Auto-routing pass #6 on board 'fcf007c6c9aa179679ff9c95930a69b5' was completed in 2.40 seconds with score 896.93 (8 unrouted and 44 violations), using 20.35 CPU seconds and the job allocated 63.69 GB of memory so far.
2026-09-05 20:50:41.785 INFO   [F4A0ED\94085E] Auto-routing pass #7 on board 'fcf007c6c9aa179679ff9c95930a69b5' was completed in 2.56 seconds with score 896.93 (8 unrouted and 44 violations), using 23.24 CPU seconds and the job allocated 73.53 GB of memory so far.
2026-09-05 20:50:45.057 INFO   [F4A0ED\94085E] Auto-routing pass #8 on board 'fcf007c6c9aa179679ff9c95930a69b5' was completed in 2.87 seconds with score 896.93 (8 unrouted and 44 violations), using 26.17 CPU seconds and the job allocated 83.33 GB of memory so far.
2026-09-05 20:50:47.717 INFO   [F4A0ED\94085E] Auto-routing pass #9 on board 'fcf007c6c9aa179679ff9c95930a69b5' was completed in 2.24 seconds with score 896.93 (8 unrouted and 44 violations), using 29.12 CPU seconds and the job allocated 93.96 GB of memory so far.
2026-09-05 20:50:50.645 INFO   [F4A0ED\94085E] Auto-routing pass #10 on board 'fcf007c6c9aa179679ff9c95930a69b5' was completed in 2.55 seconds with score 896.93 (8 unrouted and 44 violations), using 32.07 CPU seconds and the job allocated 104.39 GB of memory so far.
2026-09-05 20:50:53.369 INFO   [F4A0ED\94085E] Auto-routing pass #11 on board 'fcf007c6c9aa179679ff9c95930a69b5' was completed in 2.30 seconds with score 896.93 (8 unrouted and 44 violations), using 35.02 CPU seconds and the job allocated 115.08 GB of memory so far.
2026-09-05 20:50:56.028 INFO   [F4A0ED\94085E] Auto-routing pass #12 on board 'fcf007c6c9aa179679ff9c95930a69b5' was completed in 2.30 seconds with score 896.93 (8 unrouted and 44 violations), using 36.99 CPU seconds and the job allocated 122.91 GB of memory so far.
2026-09-05 20:50:58.693 INFO   [F4A0ED\94085E] Auto-routing pass #13 on board 'fcf007c6c9aa179679ff9c95930a69b5' was completed in 2.28 seconds with score 896.93 (8 unrouted and 44 violations), using 39.93 CPU seconds and the job allocated 133.82 GB of memory so far.
2026-09-05 20:51:01.372 INFO   [F4A0ED\94085E] Auto-routing pass #14 on board 'fcf007c6c9aa179679ff9c95930a69b5' was completed in 2.26 seconds with score 896.93 (8 unrouted and 44 violations), using 42.88 CPU seconds and the job allocated 145.06 GB of memory so far.
2026-09-05 20:51:04.019 INFO   [F4A0ED\94085E] Auto-routing pass #15 on board 'fcf007c6c9aa179679ff9c95930a69b5' was completed in 2.22 seconds with score 896.93 (8 unrouted and 44 violations), using 44.85 CPU seconds and the job allocated 152.69 GB of memory so far.
2026-09-05 20:51:04.730 INFO   [F4A0ED\94085E] Auto-routing stage completed: started with 12 unrouted nets, completed in 47.04 seconds, final score: 896.93 (8 unrouted and 44 violations), using 45.84 total CPU seconds, 156.30 GB total allocated, and 362.0 MB peak heap usage.
2026-09-05 20:51:04.752 INFO   [F4A0ED\94085E] Job 'F4A0ED\94085E' finished with state: COMPLETED (elapsed: 47.50 seconds, finished at UTC: 2026-09-05T11:51:04.750980238Z).
2026-09-05 20:51:05.172 INFO   Saving output file '/home/sb/LOONAR/platforms/loonar/hardware/pcb/rbphat-rebuild/artwork/finished.ses' (SES)...
2026-09-05 20:51:05.174 INFO   Successfully saved output file '/home/sb/LOONAR/platforms/loonar/hardware/pcb/rbphat-rebuild/artwork/finished.ses' (66661 bytes).
